  capturing current → /Users/augustgweon/Ships/Research/baselines/_current
    · globe-default                http://localhost:8149/?frozen=1#v=sea
    · globe-crossing               http://localhost:8149/?frozen=1#e=0&t=40000
    · globe-steam                  http://localhost:8149/?frozen=1#e=5&t=1870
    · globe-modern                 http://localhost:8149/?frozen=1#e=7&t=2000
    · globe-era-card               http://localhost:8149/?frozen=1#e=1&card=era
    · shipwright                   http://localhost:8149/?frozen=1#v=ship
    · action                       http://localhost:8149/?frozen=1#v=action
Traceback (most recent call last):
  File "/Users/augustgweon/Modeling Studio/tools/frame_baseline.py", line 169, in capture_frames
    page.wait_for_function(expr, timeout=ready.get("timeout_ms", 45000))
    ~~~~~~~~~~~~~~~~~~~~~~^^^^^^^^^^^^^^^^^^^^^^^^^^^^^^^^^^^^^^^^^^^^^^
  File "/Users/augustgweon/Modeling Studio/.venv/lib/python3.13/site-packages/playwright/sync_api/_generated.py", line 12761, in wait_for_function
    self._sync(
    ~~~~~~~~~~^
        self._impl_obj.wait_for_function(
        ^^^^^^^^^^^^^^^^^^^^^^^^^^^^^^^^^
    ...<4 lines>...
        )
        ^
    )
    ^
  File "/Users/augustgweon/Modeling Studio/.venv/lib/python3.13/site-packages/playwright/_impl/_sync_base.py", line 115, in _sync
    return task.result()
           ~~~~~~~~~~~^^
  File "/Users/augustgweon/Modeling Studio/.venv/lib/python3.13/site-packages/playwright/_impl/_page.py", line 1151, in wait_for_function
    return await self._main_frame.wait_for_function(**locals_to_params(locals()))
           ^^^^^^^^^^^^^^^^^^^^^^^^^^^^^^^^^^^^^^^^^^^^^^^^^^^^^^^^^^^^^^^^^^^^^^
  File "/Users/augustgweon/Modeling Studio/.venv/lib/python3.13/site-packages/playwright/_impl/_frame.py", line 940, in wait_for_function
    await self._channel.send("waitForFunction", self._timeout, params)
  File "/Users/augustgweon/Modeling Studio/.venv/lib/python3.13/site-packages/playwright/_impl/_connection.py", line 76, in send
    return await self._connection.wrap_api_call(
           ^^^^^^^^^^^^^^^^^^^^^^^^^^^^^^^^^^^^^
    ...<3 lines>...
    )
    ^
  File "/Users/augustgweon/Modeling Studio/.venv/lib/python3.13/site-packages/playwright/_impl/_connection.py", line 632, in wrap_api_call
    raise rewrite_error(error, f"{parsed_st['apiName']}: {error}") from None
playwright._impl._errors.TimeoutError: Page.wait_for_function: Timeout 60000ms exceeded.

The above exception was the direct cause of the following exception:

Traceback (most recent call last):
  File "/Users/augustgweon/Modeling Studio/tools/frame_baseline.py", line 375, in <module>
    sys.exit(main())
             ~~~~^^
  File "/Users/augustgweon/Modeling Studio/tools/frame_baseline.py", line 370, in main
    return {"init": cmd_init, "capture": cmd_capture,
           ~~~~~~~~~~~~~~~~~~~~~~~~~~~~~~~~~~~~~~~~~~
            "check": cmd_check, "accept": cmd_accept}[args.cmd](args)
            ~~~~~~~~~~~~~~~~~~~~~~~~~~~~~~~~~~~~~~~~~~~~~~~~~~~^^^^^^
  File "/Users/augustgweon/Modeling Studio/tools/frame_baseline.py", line 276, in cmd_check
    names = capture_frames(p, m, p.current_dir, only=args.frame)
  File "/Users/augustgweon/Modeling Studio/tools/frame_baseline.py", line 171, in capture_frames
    raise RuntimeError(
    ...<3 lines>...
    ) from exc
RuntimeError: frame 'action': readiness expression never became true ("window.__FRAME_READY === true && (!document.fonts || document.fonts.status === 'loaded')"). The app must set it after its first real render, or the manifest must drop it. Original error: Page.wait_for_function: Timeout 60000ms exceeded.
EXIT=1
