  capturing current → /Users/augustgweon/Ships/Research/baselines/_current
    · globe-default                http://localhost:8149/?frozen=1#v=sea
    · globe-crossing               http://localhost:8149/?frozen=1#e=0&t=40000
    · globe-steam                  http://localhost:8149/?frozen=1#e=5&t=1870
    · globe-modern                 http://localhost:8149/?frozen=1#e=7&t=2000
    · globe-era-card               http://localhost:8149/?frozen=1#e=1&card=era
    · shipwright                   http://localhost:8149/?frozen=1#v=ship
    · action                       http://localhost:8149/?frozen=1#v=action
    · ship-dhow                    http://localhost:8149/?frozen=1#v=ship&s=dhow
    · ship-junk                    http://localhost:8149/?frozen=1#v=ship&s=junk
    · ship-canoe                   http://localhost:8149/?frozen=1#v=ship&s=voyaging-canoe
    · ship-great-eastern           http://localhost:8149/?frozen=1#v=ship&s=great-eastern
    · ship-usv                     http://localhost:8149/?frozen=1#v=ship&s=usv
    · ship-dugout                  http://localhost:8149/?frozen=1#v=ship&s=dugout
    · ship-trireme                 http://localhost:8149/?frozen=1.4#v=ship&s=trireme
    · ship-galley                  http://localhost:8149/?frozen=1#v=ship&s=galley
    · ship-galleass                http://localhost:8149/?frozen=1#v=ship&s=galleass
    · ship-panokseon               http://localhost:8149/?frozen=1#v=ship&s=panokseon
    · ship-sekibune                http://localhost:8149/?frozen=1#v=ship&s=sekibune
    · ship-carrier                 http://localhost:8149/?frozen=1#v=ship&s=carrier
    · ship-titanic                 http://localhost:8149/?frozen=1#v=ship&s=titanic
    · ship-yamato                  http://localhost:8149/?frozen=1#v=ship&s=yamato
    · ship-container               http://localhost:8149/?frozen=1#v=ship&s=container
    · ship-queen-mary-2            http://localhost:8149/?frozen=1#v=ship&s=queen-mary-2
    · descent                      http://localhost:8149/?frozen=1#e=5&v=sea&c=-3.9130,51.262&z=700
    · descent-high                 http://localhost:8149/?frozen=1#e=5&v=sea&c=-3.255,50.35&z=9000
    · descent-coast                http://localhost:8149/?frozen=1#e=4&v=sea&c=-5.55,35.99&z=260
    · aboard                       http://localhost:8149/?frozen=1#e=5&f=greatwestern
    · aboard-off                   http://localhost:8149/?frozen=1#e=7&f=boxroute
    · map-floor                    http://localhost:8149/?frozen=1#e=4&t=1590&c=-45.3,-24.1&z=300000
    · aboard-coast                 http://localhost:8149/?frozen=1#e=2&f=syracuse
    · sea-magnified                http://localhost:8149/?frozen=1#e=7&t=2000&c=-30,35&z=10000
    · ship-preussen                http://localhost:8149/?frozen=1#v=ship&s=preussen
    · ship-steamer                 http://localhost:8149/?frozen=1#v=ship&s=steamer
    · ship-dreadnought             http://localhost:8149/?frozen=1#v=ship&s=dreadnought
    · aboard-carrier               http://localhost:8149/?frozen=1#e=7&f=csg
    · aboard-cable                 http://localhost:8149/?frozen=1#e=5&f=cable
    · aboard-titanic               http://localhost:8149/?frozen=1#e=6&f=titanicvoy
    · aboard-yamato                http://localhost:8149/?frozen=1#e=6&f=tenichigo
    · aboard-preussen              http://localhost:8149/?frozen=1#e=6&f=preussenvoy
    · ship-wyoming                 http://localhost:8149/?frozen=1#v=ship&s=wyoming
    · aboard-wyoming               http://localhost:8149/?frozen=1#e=6&f=wyomingvoy
    · ship-treasure                http://localhost:8149/?frozen=1#v=ship&s=treasure-ship
    · aboard-treasure              http://localhost:8149/?frozen=1#e=4&f=zhenghe
    · ship-clipper                 http://localhost:8149/?frozen=1#v=ship&s=clipper
    · aboard-clipper               http://localhost:8149/?frozen=1#e=5&f=woolrun
    · shipwright-ahead             http://localhost:8149/?frozen=1#v=ship&s=ship-of-the-line&b=0
    · shipwright-astern            http://localhost:8149/?frozen=1#v=ship&s=ship-of-the-line&b=180&z=0.35&l=6&y=7
    · shipwright-furled            http://localhost:8149/?frozen=1#v=ship&s=ship-of-the-line&sail=furled&b=125&z=0.5&l=12&y=25
    · shipwright-hounds            http://localhost:8149/?frozen=1#v=ship&s=ship-of-the-line&b=125&z=0.35&l=30&y=34
    · shipwright-corbis            http://localhost:8149/?frozen=1#v=ship&s=corbita&b=100&z=0.35&l=18&y=15
    · ship-azzam                   http://localhost:8149/?frozen=1#v=ship&s=azzam
    · ship-endurance               http://localhost:8149/?frozen=1#v=ship&s=endurance
    · action-salamis               http://localhost:8149/?frozen=1#v=action&bt=salamis&day=5&cb=60&cd=950&ch=16
    · board-salamis                http://localhost:8149/?frozen=1#e=2&battle=salamis
    · action-gravelines            http://localhost:8149/?frozen=1#v=action&bt=armada&day=9&cb=15&cd=1500&ch=11
    · action-lepanto               http://localhost:8149/?frozen=1#v=action&bt=lepanto&day=7&cb=170&cd=1200&ch=9
Traceback (most recent call last):
  File "/Users/augustgweon/Modeling Studio/tools/frame_baseline.py", line 169, in capture_frames
    page.wait_for_function(expr, timeout=ready.get("timeout_ms", 45000))
    ~~~~~~~~~~~~~~~~~~~~~~^^^^^^^^^^^^^^^^^^^^^^^^^^^^^^^^^^^^^^^^^^^^^^
  File "/Users/augustgweon/Modeling Studio/.venv/lib/python3.13/site-packages/playwright/sync_api/_generated.py", line 12761, in wait_for_function
    self._sync(
    ~~~~~~~~~~^
        self._impl_obj.wait_for_function(
        ^^^^^^^^^^^^^^^^^^^^^^^^^^^^^^^^^
    ...<4 lines>...
        )
        ^
    )
    ^
  File "/Users/augustgweon/Modeling Studio/.venv/lib/python3.13/site-packages/playwright/_impl/_sync_base.py", line 115, in _sync
    return task.result()
           ~~~~~~~~~~~^^
  File "/Users/augustgweon/Modeling Studio/.venv/lib/python3.13/site-packages/playwright/_impl/_page.py", line 1151, in wait_for_function
    return await self._main_frame.wait_for_function(**locals_to_params(locals()))
           ^^^^^^^^^^^^^^^^^^^^^^^^^^^^^^^^^^^^^^^^^^^^^^^^^^^^^^^^^^^^^^^^^^^^^^
  File "/Users/augustgweon/Modeling Studio/.venv/lib/python3.13/site-packages/playwright/_impl/_frame.py", line 940, in wait_for_function
    await self._channel.send("waitForFunction", self._timeout, params)
  File "/Users/augustgweon/Modeling Studio/.venv/lib/python3.13/site-packages/playwright/_impl/_connection.py", line 76, in send
    return await self._connection.wrap_api_call(
           ^^^^^^^^^^^^^^^^^^^^^^^^^^^^^^^^^^^^^
    ...<3 lines>...
    )
    ^
  File "/Users/augustgweon/Modeling Studio/.venv/lib/python3.13/site-packages/playwright/_impl/_connection.py", line 632, in wrap_api_call
    raise rewrite_error(error, f"{parsed_st['apiName']}: {error}") from None
playwright._impl._errors.TimeoutError: Page.wait_for_function: Timeout 60000ms exceeded.

The above exception was the direct cause of the following exception:

Traceback (most recent call last):
  File "/Users/augustgweon/Modeling Studio/tools/frame_baseline.py", line 375, in <module>
    sys.exit(main())
             ~~~~^^
  File "/Users/augustgweon/Modeling Studio/tools/frame_baseline.py", line 370, in main
    return {"init": cmd_init, "capture": cmd_capture,
           ~~~~~~~~~~~~~~~~~~~~~~~~~~~~~~~~~~~~~~~~~~
            "check": cmd_check, "accept": cmd_accept}[args.cmd](args)
            ~~~~~~~~~~~~~~~~~~~~~~~~~~~~~~~~~~~~~~~~~~~~~~~~~~~^^^^^^
  File "/Users/augustgweon/Modeling Studio/tools/frame_baseline.py", line 276, in cmd_check
    names = capture_frames(p, m, p.current_dir, only=args.frame)
  File "/Users/augustgweon/Modeling Studio/tools/frame_baseline.py", line 171, in capture_frames
    raise RuntimeError(
    ...<3 lines>...
    ) from exc
RuntimeError: frame 'action-lepanto': readiness expression never became true ("window.__FRAME_READY === true && (!document.fonts || document.fonts.status === 'loaded')"). The app must set it after its first real render, or the manifest must drop it. Original error: Page.wait_for_function: Timeout 60000ms exceeded.
EXIT:1
