Traceback (most recent call last):
  File "/Users/augustgweon/Ships/Research/run_audit.py", line 28, in <module>
    sys.exit(main())
             ~~~~^^
  File "/Users/augustgweon/Ships/Research/run_audit.py", line 17, in main
    page.wait_for_function("window.__FRAME_READY === true", timeout=60000)
    ~~~~~~~~~~~~~~~~~~~~~~^^^^^^^^^^^^^^^^^^^^^^^^^^^^^^^^^^^^^^^^^^^^^^^^
  File "/Users/augustgweon/Modeling Studio/.venv/lib/python3.13/site-packages/playwright/sync_api/_generated.py", line 12761, in wait_for_function
    self._sync(
    ~~~~~~~~~~^
        self._impl_obj.wait_for_function(
        ^^^^^^^^^^^^^^^^^^^^^^^^^^^^^^^^^
    ...<4 lines>...
        )
        ^
    )
    ^
  File "/Users/augustgweon/Modeling Studio/.venv/lib/python3.13/site-packages/playwright/_impl/_sync_base.py", line 115, in _sync
    return task.result()
           ~~~~~~~~~~~^^
  File "/Users/augustgweon/Modeling Studio/.venv/lib/python3.13/site-packages/playwright/_impl/_page.py", line 1151, in wait_for_function
    return await self._main_frame.wait_for_function(**locals_to_params(locals()))
           ^^^^^^^^^^^^^^^^^^^^^^^^^^^^^^^^^^^^^^^^^^^^^^^^^^^^^^^^^^^^^^^^^^^^^^
  File "/Users/augustgweon/Modeling Studio/.venv/lib/python3.13/site-packages/playwright/_impl/_frame.py", line 940, in wait_for_function
    await self._channel.send("waitForFunction", self._timeout, params)
  File "/Users/augustgweon/Modeling Studio/.venv/lib/python3.13/site-packages/playwright/_impl/_connection.py", line 76, in send
    return await self._connection.wrap_api_call(
           ^^^^^^^^^^^^^^^^^^^^^^^^^^^^^^^^^^^^^
    ...<3 lines>...
    )
    ^
  File "/Users/augustgweon/Modeling Studio/.venv/lib/python3.13/site-packages/playwright/_impl/_connection.py", line 632, in wrap_api_call
    raise rewrite_error(error, f"{parsed_st['apiName']}: {error}") from None
playwright._impl._errors.TimeoutError: Page.wait_for_function: Timeout 60000ms exceeded.
